/Users/ryanmckay/Documents/Patch/Patch/Views/Wiki/WikiEntryDetailView.swift:76:15: error: initializer for conditional binding must have Optional type, not 'String'
/Users/ryanmckay/Documents/Patch/Patch/Views/Wiki/WikiEntryDetailView.swift:89:52: error: cannot use optional chaining on non-optional value of type 'String'
